[    0.000000] Initializing cgroup subsys cpuset
[    0.000000] Initializing cgroup subsys cpu
[    0.000000] Initializing cgroup subsys cpuacct
[    0.000000] Linux version 4.4.0-200-generic (buildd@lgw01-amd64-032) (gcc version 5.4.0 20160609 (Ubuntu 5.4.0-6ubuntu1~16.04.12) ) #232-Ubuntu SMP Wed Jan 13 10:18:39 UTC 2021 (Ubuntu 4.4.0-200.232-generic 4.4.244)
[    0.000000] Command line: BOOT_IMAGE=/boot/vmlinuz-4.4.0-200-generic root=LABEL=cloudimg-rootfs ro console=tty1 console=ttyS0
[    0.000000] KERNEL supported cpus:
[    0.000000]   Intel GenuineIntel
[    0.000000]   AMD AuthenticAMD
[    0.000000]   Centaur CentaurHauls
[    0.000000] [Firmware Bug]: TSC doesn't count with P0 frequency!
[    0.000000] x86/fpu: xstate_offset[2]:  576, xstate_sizes[2]:  256
[    0.000000] x86/fpu: Supporting XSAVE feature 0x01: 'x87 floating point registers'
[    0.000000] x86/fpu: Supporting XSAVE feature 0x02: 'SSE registers'
[    0.000000] x86/fpu: Supporting XSAVE feature 0x04: 'AVX registers'
[    0.000000] x86/fpu: Enabled xstate features 0x7, context size is 832 bytes, using 'standard' format.
[    0.000000] e820: BIOS-provided physical RAM map:
[    0.000000] BIOS-e820: [mem 0x0000000000000000-0x000000000009fbff] usable
[    0.000000] BIOS-e820: [mem 0x000000000009fc00-0x000000000009ffff] reserved
[    0.000000] BIOS-e820: [mem 0x00000000000f0000-0x00000000000fffff] reserved
[    0.000000] BIOS-e820: [mem 0x0000000000100000-0x000000003ffeffff] usable
[    0.000000] BIOS-e820: [mem 0x000000003fff0000-0x000000003fffffff] ACPI data
[    0.000000] BIOS-e820: [mem 0x00000000fec00000-0x00000000fec00fff] reserved
[    0.000000] BIOS-e820: [mem 0x00000000fee00000-0x00000000fee00fff] reserved
[    0.000000] BIOS-e820: [mem 0x00000000fffc0000-0x00000000ffffffff] reserved
[    0.000000] NX (Execute Disable) protection: active
[    0.000000] SMBIOS 2.5 present.
[    0.000000] Hypervisor detected: KVM
[    0.000000] Kernel/User page tables isolation: disabled
[    0.000000] e820: last_pfn = 0x3fff0 max_arch_pfn = 0x400000000
[    0.000000] MTRR: Disabled
[    0.000000] x86/PAT: MTRRs disabled, skipping PAT initialization too.
[    0.000000] CPU MTRRs all blank - virtualized system.
[    0.000000] x86/PAT: Configuration [0-7]: WB  WT  UC- UC  WB  WT  UC- UC  
[    0.000000] found SMP MP-table at [mem 0x0009fff0-0x0009ffff] mapped at [ffff88000009fff0]
[    0.000000] Scanning 1 areas for low memory corruption
[    0.000000] RAMDISK: [mem 0x362de000-0x37166fff]
[    0.000000] ACPI: Early table checksum verification disabled
[    0.000000] ACPI: RSDP 0x00000000000E0000 000024 (v02 VBOX  )
[    0.000000] ACPI: XSDT 0x000000003FFF0030 00003C (v01 VBOX   VBOXXSDT 00000001 ASL  00000061)
[    0.000000] ACPI: FACP 0x000000003FFF00F0 0000F4 (v04 VBOX   VBOXFACP 00000001 ASL  00000061)
[    0.000000] ACPI: DSDT 0x000000003FFF0470 002325 (v02 VBOX   VBOXBIOS 00000002 INTL 20190509)
[    0.000000] ACPI: FACS 0x000000003FFF0200 000040
[    0.000000] ACPI: FACS 0x000000003FFF0200 000040
[    0.000000] ACPI: APIC 0x000000003FFF0240 00005C (v02 VBOX   VBOXAPIC 00000001 ASL  00000061)
[    0.000000] ACPI: SSDT 0x000000003FFF02A0 0001CC (v01 VBOX   VBOXCPUT 00000002 INTL 20190509)
[    0.000000] No NUMA configuration found
[    0.000000] Faking a node at [mem 0x0000000000000000-0x000000003ffeffff]
[    0.000000] NODE_DATA(0) allocated [mem 0x3ffeb000-0x3ffeffff]
[    0.000000] kvm-clock: Using msrs 4b564d01 and 4b564d00
[    0.000000] kvm-clock: cpu 0, msr 0:3ffe3001, primary cpu clock
[    0.000000] kvm-clock: using sched offset of 4372040661 cycles
[    0.000000] clocksource: kvm-clock: mask: 0xffffffffffffffff max_cycles: 0x1cd42e4dffb, max_idle_ns: 881590591483 ns
[    0.000000] Zone ranges:
[    0.000000]   DMA      [mem 0x0000000000001000-0x0000000000ffffff]
[    0.000000]   DMA32    [mem 0x0000000001000000-0x000000003ffeffff]
[    0.000000]   Normal   empty
[    0.000000]   Device   empty
[    0.000000] Movable zone start for each node
[    0.000000] Early memory node ranges
[    0.000000]   node   0: [mem 0x0000000000001000-0x000000000009efff]
[    0.000000]   node   0: [mem 0x0000000000100000-0x000000003ffeffff]
[    0.000000] Initmem setup node 0 [mem 0x0000000000001000-0x000000003ffeffff]
[    0.000000] ACPI: PM-Timer IO Port: 0x4008
[    0.000000] IOAPIC[0]: apic_id 2, version 32, address 0xfec00000, GSI 0-23
[    0.000000] ACPI: INT_SRC_OVR (bus 0 bus_irq 0 global_irq 2 dfl dfl)
[    0.000000] ACPI: INT_SRC_OVR (bus 0 bus_irq 9 global_irq 9 low level)
[    0.000000] Using ACPI (MADT) for SMP configuration information
[    0.000000] smpboot: Allowing 2 CPUs, 0 hotplug CPUs
[    0.000000] PM: Registered nosave memory: [mem 0x00000000-0x00000fff]
[    0.000000] PM: Registered nosave memory: [mem 0x0009f000-0x0009ffff]
[    0.000000] PM: Registered nosave memory: [mem 0x000a0000-0x000effff]
[    0.000000] PM: Registered nosave memory: [mem 0x000f0000-0x000fffff]
[    0.000000] e820: [mem 0x40000000-0xfebfffff] available for PCI devices
[    0.000000] Booting paravirtualized kernel on KVM
[    0.000000] clocksource: refined-jiffies: mask: 0xffffffff max_cycles: 0xffffffff, max_idle_ns: 7645519600211568 ns
[    0.000000] setup_percpu: NR_CPUS:512 nr_cpumask_bits:512 nr_cpu_ids:2 nr_node_ids:1
[    0.000000] PERCPU: Embedded 33 pages/cpu @ffff88003fc00000 s95640 r8192 d31336 u1048576
[    0.000000] Built 1 zonelists in Node order, mobility grouping on.  Total pages: 257912
[    0.000000] Policy zone: DMA32
[    0.000000] Kernel command line: BOOT_IMAGE=/boot/vmlinuz-4.4.0-200-generic root=LABEL=cloudimg-rootfs ro console=tty1 console=ttyS0
[    0.000000] PID hash table entries: 4096 (order: 3, 32768 bytes)
[    0.000000] Memory: 997660K/1048120K available (8641K kernel code, 1337K rwdata, 4044K rodata, 1492K init, 1296K bss, 50460K reserved, 0K cma-reserved)
[    0.000000] SLUB: HWalign=64, Order=0-3, MinObjects=0, CPUs=2, Nodes=1
[    0.000000] Hierarchical RCU implementation.
[    0.000000] 	Build-time adjustment of leaf fanout to 64.
[    0.000000] 	RCU restricting CPUs from NR_CPUS=512 to nr_cpu_ids=2.
[    0.000000] RCU: Adjusting geometry for rcu_fanout_leaf=64, nr_cpu_ids=2
[    0.000000] NR_IRQS:33024 nr_irqs:440 16
[    0.000000] Console: colour VGA+ 80x25
[    0.000000] console [tty1] enabled
[    0.000000] console [ttyS0] enabled
[    0.000000] tsc: Detected 2495.568 MHz processor
[    0.587290] Calibrating delay loop (skipped) preset value.. 4991.13 BogoMIPS (lpj=9982272)
[    0.597048] pid_max: default: 32768 minimum: 301
[    0.598294] ACPI: Core revision 20150930
[    0.600845] ACPI: 2 ACPI AML tables successfully acquired and loaded
[    0.614760] Security Framework initialized
[    0.623889] Yama: becoming mindful.
[    0.624970] AppArmor: AppArmor initialized
[    0.626243] Dentry cache hash table entries: 131072 (order: 8, 1048576 bytes)
[    0.628276] Inode-cache hash table entries: 65536 (order: 7, 524288 bytes)
[    0.638536] Mount-cache hash table entries: 2048 (order: 2, 16384 bytes)
[    0.645771] Mountpoint-cache hash table entries: 2048 (order: 2, 16384 bytes)
[    0.653043] Initializing cgroup subsys io
[    0.654442] Initializing cgroup subsys memory
[    0.655835] Initializing cgroup subsys devices
[    0.657342] Initializing cgroup subsys freezer
[    0.658690] Initializing cgroup subsys net_cls
[    0.660221] Initializing cgroup subsys perf_event
[    0.662979] Initializing cgroup subsys net_prio
[    0.665312] Initializing cgroup subsys hugetlb
[    0.667316] Initializing cgroup subsys pids
[    0.671100] mce: CPU supports 0 MCE banks
[    0.672302] Last level iTLB entries: 4KB 512, 2MB 1024, 4MB 512
[    0.673865] Last level dTLB entries: 4KB 1024, 2MB 1024, 4MB 512, 1GB 0
[    0.676596] Spectre V1 : Mitigation: usercopy/swapgs barriers and __user pointer sanitization
[    0.682831] Spectre V2 : Spectre mitigation: LFENCE not serializing, switching to generic retpoline
[    0.685670] Spectre V2 : Mitigation: Full generic retpoline
[    0.690115] Spectre V2 : Spectre v2 / SpectreRSB mitigation: Filling RSB on context switch
[    0.692576] Speculative Store Bypass: Mitigation: Speculative Store Bypass disabled via prctl and seccomp
[    0.700387] Freeing SMP alternatives memory: 36K
[    0.710742] ftrace: allocating 32360 entries in 127 pages
[    0.815851] smpboot: APIC(0) Converting physical 0 to logical package 0
[    0.821523] smpboot: Max logical packages: 1
[    0.823219] x2apic enabled
[    0.824665] Switched APIC routing to physical x2apic.
[    0.828015] ..TIMER: vector=0x30 apic1=0 pin1=2 apic2=-1 pin2=-1
[    0.938102] smpboot: CPU0: AMD A6-9220 RADEON R4, 5 COMPUTE CORES 2C+3G (family: 0x15, model: 0x70, stepping: 0x0)
[    0.944789] Performance Events: Broken PMU hardware detected, using software events only.
[    0.947187] Failed to access perfctr msr (MSR c0010007 is 0)
[    0.967221] KVM setup paravirtual spinlock
[    0.969733] x86: Booting SMP configuration:
[    0.971374] .... node  #0, CPUs:      #1
[    0.972811] kvm-clock: cpu 1, msr 0:3ffe3041, secondary cpu clock
[    0.987181] mce: CPU supports 0 MCE banks
[    0.989880] x86: Booted up 1 node, 2 CPUs
[    0.992533] smpboot: Total of 2 processors activated (9982.27 BogoMIPS)
[    0.996306] devtmpfs: initialized
[    1.001762] evm: security.selinux
[    1.003747] evm: security.SMACK64
[    1.005498] evm: security.SMACK64EXEC
[    1.007474] evm: security.SMACK64TRANSMUTE
[    1.009746] evm: security.SMACK64MMAP
[    1.011741] evm: security.ima
[    1.013380] evm: security.capability
[    1.015710] clocksource: jiffies: mask: 0xffffffff max_cycles: 0xffffffff, max_idle_ns: 7645041785100000 ns
[    1.020667] futex hash table entries: 512 (order: 3, 32768 bytes)
[    1.023915] pinctrl core: initialized pinctrl subsystem
[    1.027078] RTC time: 19:42:22, date: 01/24/21
[    1.034100] NET: Registered protocol family 16
[    1.043781] cpuidle: using governor ladder
[    1.053522] cpuidle: using governor menu
[    1.065840] PCCT header not found.
[    1.068920] ACPI: bus type PCI registered
[    1.074700] acpiphp: ACPI Hot Plug PCI Controller Driver version: 0.5
[    1.082414] PCI: Using configuration type 1 for base access
[    1.089130] PCI: Using configuration type 1 for extended access
[    1.108062] ACPI: Added _OSI(Module Device)
[    1.113490] ACPI: Added _OSI(Processor Device)
[    1.115910] ACPI: Added _OSI(3.0 _SCP Extensions)
[    1.124322] ACPI: Added _OSI(Processor Aggregator Device)
[    1.132049] ACPI: Executed 1 blocks of module-level executable AML code
[    1.148973] ACPI: Interpreter enabled
[    1.156414] ACPI: (supports S0 S5)
[    1.163212] ACPI: Using IOAPIC for interrupt routing
[    1.171408] PCI: Using host bridge windows from ACPI; if necessary, use "pci=nocrs" and report a bug
[    1.190637] ACPI: PCI Root Bridge [PCI0] (domain 0000 [bus 00-ff])
[    1.198493] acpi PNP0A03:00: _OSC: OS supports [ExtendedConfig ASPM ClockPM Segments MSI]
[    1.209207] acpi PNP0A03:00: _OSC: platform does not support [PCIeCapability]
[    1.225027] acpi PNP0A03:00: _OSC: not requesting control; platform does not support [PCIeCapability]
[    1.242694] acpi PNP0A03:00: _OSC: OS requested [PCIeHotplug PME AER PCIeCapability]
[    1.246847] acpi PNP0A03:00: _OSC: platform willing to grant [PCIeHotplug PME AER]
[    1.250859] acpi PNP0A03:00: _OSC failed (AE_SUPPORT); disabling ASPM
[    1.254556] PCI host bridge to bus 0000:00
[    1.257150] pci_bus 0000:00: root bus resource [io  0x0000-0x0cf7 window]
[    1.292056] pci_bus 0000:00: root bus resource [io  0x0d00-0xffff window]
[    1.295481] pci_bus 0000:00: root bus resource [mem 0x000a0000-0x000bffff window]
[    1.299531] pci_bus 0000:00: root bus resource [mem 0x40000000-0xfdffffff window]
[    1.304130] pci_bus 0000:00: root bus resource [bus 00-ff]
[    1.309966] pci 0000:00:01.1: legacy IDE quirk: reg 0x10: [io  0x01f0-0x01f7]
[    1.314198] pci 0000:00:01.1: legacy IDE quirk: reg 0x14: [io  0x03f6]
[    1.317463] pci 0000:00:01.1: legacy IDE quirk: reg 0x18: [io  0x0170-0x0177]
[    1.321396] pci 0000:00:01.1: legacy IDE quirk: reg 0x1c: [io  0x0376]
[    1.376736] pci 0000:00:07.0: quirk: [io  0x4000-0x403f] claimed by PIIX4 ACPI
[    1.383332] pci 0000:00:07.0: quirk: [io  0x4100-0x410f] claimed by PIIX4 SMB
[    1.417233] ACPI: PCI Interrupt Link [LNKA] (IRQs 5 9 10 *11)
[    1.426332] ACPI: PCI Interrupt Link [LNKB] (IRQs 5 9 *10 11)
[    1.431069] ACPI: PCI Interrupt Link [LNKC] (IRQs 5 *9 10 11)
[    1.435742] ACPI: PCI Interrupt Link [LNKD] (IRQs 5 9 10 *11)
[    1.441194] ACPI: Enabled 2 GPEs in block 00 to 07
[    1.446155] vgaarb: setting as boot device: PCI:0000:00:02.0
[    1.449988] vgaarb: device added: PCI:0000:00:02.0,decodes=io+mem,owns=io+mem,locks=none
[    1.455118] vgaarb: loaded
[    1.457234] vgaarb: bridge control possible 0000:00:02.0
[    1.461843] SCSI subsystem initialized
[    1.463946] ACPI: bus type USB registered
[    1.465163] usbcore: registered new interface driver usbfs
[    1.466795] usbcore: registered new interface driver hub
[    1.468725] usbcore: registered new device driver usb
[    1.472141] PCI: Using ACPI for IRQ routing
[    1.473919] NetLabel: Initializing
[    1.475004] NetLabel:  domain hash size = 128
[    1.476166] NetLabel:  protocols = UNLABELED CIPSOv4
[    1.477689] NetLabel:  unlabeled traffic allowed by default
[    1.479498] amd_nb: Cannot enumerate AMD northbridges
[    1.498583] clocksource: Switched to clocksource kvm-clock
[    1.519206] AppArmor: AppArmor Filesystem Enabled
[    1.524906] pnp: PnP ACPI init
[    1.530631] pnp: PnP ACPI: found 3 devices
[    1.549588] clocksource: acpi_pm: mask: 0xffffff max_cycles: 0xffffff, max_idle_ns: 2085701024 ns
[    1.555891] NET: Registered protocol family 2
[    1.561341] TCP established hash table entries: 8192 (order: 4, 65536 bytes)
[    1.563351] TCP bind hash table entries: 8192 (order: 5, 131072 bytes)
[    1.565053] TCP: Hash tables configured (established 8192 bind 8192)
[    1.566767] UDP hash table entries: 512 (order: 2, 16384 bytes)
[    1.568204] UDP-Lite hash table entries: 512 (order: 2, 16384 bytes)
[    1.569922] NET: Registered protocol family 1
[    1.571208] pci 0000:00:00.0: Limiting direct PCI/PCI transfers
[    1.572714] pci 0000:00:01.0: Activating ISA DMA hang workarounds
[    1.576398] Unpacking initramfs...
[    1.984393] Freeing initrd memory: 14884K
[    1.987013] clocksource: tsc: mask: 0xffffffffffffffff max_cycles: 0x23f8def0b30, max_idle_ns: 440795275133 ns
[    1.992708] platform rtc_cmos: registered platform RTC device (no PNP device found)
[    1.997550] Scanning for low memory corruption every 60 seconds
[    2.007010] audit: initializing netlink subsys (disabled)
[    2.010200] audit: type=2000 audit(1611517349.267:1): initialized
[    2.014003] Initialise system trusted keyring
[    2.018281] HugeTLB registered 2 MB page size, pre-allocated 0 pages
[    2.025139] zbud: loaded
[    2.027677] VFS: Disk quotas dquot_6.6.0
[    2.030292] VFS: Dquot-cache hash table entries: 512 (order 0, 4096 bytes)
[    2.034685] squashfs: version 4.0 (2009/01/31) Phillip Lougher
[    2.038793] fuse init (API version 7.23)
[    2.041567] Key type big_key registered
[    2.043807] Allocating IMA MOK and blacklist keyrings.
[    2.059118] Key type asymmetric registered
[    2.061737] Asymmetric key parser 'x509' registered
[    2.066314] Block layer SCSI generic (bsg) driver version 0.4 loaded (major 249)
[    2.068407] io scheduler noop registered
[    2.069509] io scheduler deadline registered (default)
[    2.078130] io scheduler cfq registered
[    2.079412] pci_hotplug: PCI Hot Plug PCI Core version: 0.5
[    2.081079] pciehp: PCI Express Hot Plug Controller Driver version: 0.4
[    2.082873] ACPI: AC Adapter [AC] (on-line)
[    2.086308] input: Power Button as /devices/LNXSYSTM:00/LNXPWRBN:00/input/input0
[    2.095716] ACPI: Power Button [PWRF]
[    2.097064] input: Sleep Button as /devices/LNXSYSTM:00/LNXSLPBN:00/input/input1
[    2.099661] ACPI: Sleep Button [SLPF]
[    2.104182] ACPI: Battery Slot [BAT0] (battery present)
[    2.106941] GHES: HEST is not enabled!
[    2.109323] Serial: 8250/16550 driver, 32 ports, IRQ sharing enabled
[    2.133897] 00:02: ttyS0 at I/O 0x3f8 (irq = 4, base_baud = 115200) is a 16550A
[    2.149771] Linux agpgart interface v0.103
[    2.158747] loop: module loaded
[    2.163613] scsi host0: ata_piix
[    2.167817] scsi host1: ata_piix
[    2.169985] ata1: PATA max UDMA/33 cmd 0x1f0 ctl 0x3f6 bmdma 0xd000 irq 14
[    2.173763] ata2: PATA max UDMA/33 cmd 0x170 ctl 0x376 bmdma 0xd008 irq 15
[    2.178947] libphy: Fixed MDIO Bus: probed
[    2.181383] tun: Universal TUN/TAP device driver, 1.6
[    2.184024] tun: (C) 1999-2004 Max Krasnyansky <maxk@qualcomm.com>
[    2.187883] PPP generic driver version 2.4.2
[    2.190864] ehci_hcd: USB 2.0 'Enhanced' Host Controller (EHCI) Driver
[    2.194387] ehci-pci: EHCI PCI platform driver
[    2.196799] ehci-platform: EHCI generic platform driver
[    2.199720] ohci_hcd: USB 1.1 'Open' Host Controller (OHCI) Driver
[    2.203048] ohci-pci: OHCI PCI platform driver
[    2.205777] ohci-platform: OHCI generic platform driver
[    2.208441] uhci_hcd: USB Universal Host Controller Interface driver
[    2.211933] i8042: PNP: PS/2 Controller [PNP0303:PS2K,PNP0f03:PS2M] at 0x60,0x64 irq 1,12
[    2.217158] serio: i8042 KBD port at 0x60,0x64 irq 1
[    2.219809] serio: i8042 AUX port at 0x60,0x64 irq 12
[    2.223416] mousedev: PS/2 mouse device common for all mice
[    2.227840] input: AT Translated Set 2 keyboard as /devices/platform/i8042/serio0/input/input2
[    2.233280] rtc_cmos rtc_cmos: rtc core: registered rtc_cmos as rtc0
[    2.233394] rtc_cmos rtc_cmos: alarms up to one day, 114 bytes nvram
[    2.233408] i2c /dev entries driver
[    2.233526] device-mapper: uevent: version 1.0.3
[    2.233649] device-mapper: ioctl: 4.34.0-ioctl (2015-10-28) initialised: dm-devel@redhat.com
[    2.233686] ledtrig-cpu: registered to indicate activity on CPUs
[    2.234018] x86/pm: family 0x15 cpu detected, MSR saving is needed during suspending.
[    2.234318] NET: Registered protocol family 10
[    2.234789] NET: Registered protocol family 17
[    2.234806] Key type dns_resolver registered
[    2.235280] registered taskstats version 1
[    2.235298] Loading compiled-in X.509 certificates
[    2.236374] Loaded X.509 cert 'Build time autogenerated kernel key: d37465c24ef3fae6c7088e8c56d8ac7755b77486'
[    2.236412] zswap: loaded using pool lzo/zbud
[    2.241746] Key type trusted registered
[    2.257438] Key type encrypted registered
[    2.257451] AppArmor: AppArmor sha1 policy hashing enabled
[    2.257456] ima: No TPM chip found, activating TPM-bypass!
[    2.257467] ima: Allocated hash algorithm: sha1
[    2.257503] evm: HMAC attrs: 0x1
[    2.257960]   Magic number: 5:473:749
[    2.257993] tty ttyS0: hash matches
[    2.272197] rtc_cmos rtc_cmos: setting system clock to 2021-01-24 19:42:23 UTC (1611517343)
[    2.272443] BIOS EDD facility v0.16 2004-Jun-25, 0 devices found
[    2.272443] EDD information not available.
[    2.407363] Freeing unused kernel memory: 1492K
[    2.445071] Write protecting the kernel read-only data: 14336k
[    2.449392] Freeing unused kernel memory: 1588K
[    2.466698] Freeing unused kernel memory: 52K
Loading, please wait...
starting version 229
[    2.554456] random: systemd-udevd: uninitialized urandom read (16 bytes read, 2 bits of entropy available)
[    2.566107] random: udevadm: uninitialized urandom read (16 bytes read, 2 bits of entropy available)
[    2.566145] random: udevadm: uninitialized urandom read (16 bytes read, 2 bits of entropy available)
[    2.597629] random: udevadm: uninitialized urandom read (16 bytes read, 2 bits of entropy available)
[    2.597714] random: udevadm: uninitialized urandom read (16 bytes read, 2 bits of entropy available)
[    2.597942] random: udevadm: uninitialized urandom read (16 bytes read, 2 bits of entropy available)
[    2.598017] random: udevadm: uninitialized urandom read (16 bytes read, 2 bits of entropy available)
[    2.598101] random: udevadm: uninitialized urandom read (16 bytes read, 2 bits of entropy available)
[    2.603881] random: udevadm: uninitialized urandom read (16 bytes read, 2 bits of entropy available)
[    2.604034] random: udevadm: uninitialized urandom read (16 bytes read, 2 bits of entropy available)
[    2.879337] e1000: Intel(R) PRO/1000 Network Driver - version 7.3.21-k8-NAPI
[    2.887569] e1000: Copyright (c) 1999-2006 Intel Corporation.
[    3.471881] Fusion MPT base driver 3.04.20
[    3.487008] Copyright (c) 1999-2008 LSI Corporation
[    3.829608] e1000 0000:00:03.0 eth0: (PCI:33MHz:32-bit) 02:95:c5:cf:8a:88
[    3.843980] e1000 0000:00:03.0 eth0: Intel(R) PRO/1000 Network Connection
[    4.083792] input: ImExPS/2 Generic Explorer Mouse as /devices/platform/i8042/serio1/input/input4
[    4.110312] Fusion MPT SPI Host driver 3.04.20
[    4.152350] AVX2 version of gcm_enc/dec engaged.
[    4.160423] AES CTR mode by8 optimization enabled
[    4.470014] e1000 0000:00:08.0 eth1: (PCI:33MHz:32-bit) 08:00:27:1c:2a:22
[    4.473838] e1000 0000:00:08.0 eth1: Intel(R) PRO/1000 Network Connection
[    4.479076] mptbase: ioc0: Initiating bringup
[    4.493538] e1000 0000:00:08.0 enp0s8: renamed from eth1
[    4.560128] e1000 0000:00:03.0 enp0s3: renamed from eth0
[    4.618394] ioc0: LSI53C1030 A0: Capabilities={Initiator}
[    5.120456] scsi host2: ioc0: LSI53C1030 A0, FwRev=00000000h, Ports=1, MaxQ=256, IRQ=20
[    5.254522] scsi 2:0:0:0: Direct-Access     VBOX     HARDDISK         1.0  PQ: 0 ANSI: 5
[    5.275570] scsi target2:0:0: Beginning Domain Validation
[    5.287665] scsi target2:0:0: Domain Validation skipping write tests
[    5.291636] scsi target2:0:0: Ending Domain Validation
[    5.297612] scsi target2:0:0: asynchronous
[    5.323603] scsi 2:0:1:0: Direct-Access     VBOX     HARDDISK         1.0  PQ: 0 ANSI: 5
[    5.332469] scsi target2:0:1: Beginning Domain Validation
[    5.338872] scsi target2:0:1: Domain Validation skipping write tests
[    5.341953] scsi target2:0:1: Ending Domain Validation
[    5.344646] scsi target2:0:1: asynchronous
[    5.365222] sd 2:0:0:0: Attached scsi generic sg0 type 0
[    5.375439] sd 2:0:1:0: Attached scsi generic sg1 type 0
[    5.381157] sd 2:0:0:0: [sda] 20971520 512-byte logical blocks: (10.7 GB/10.0 GiB)
[    5.390880] sd 2:0:1:0: [sdb] 20480 512-byte logical blocks: (10.5 MB/10.0 MiB)
[    5.392573] sd 2:0:0:0: [sda] Write Protect is off
[    5.392695] sd 2:0:0:0: [sda] Incomplete mode parameter data
[    5.392698] sd 2:0:0:0: [sda] Assuming drive cache: write through
[    5.406232]  sda: sda1
[    5.407563] sd 2:0:0:0: [sda] Attached SCSI disk
[    5.443657] sd 2:0:1:0: [sdb] Write Protect is off
[    5.452260] sd 2:0:1:0: [sdb] Incomplete mode parameter data
[    5.455344] sd 2:0:1:0: [sdb] Assuming drive cache: write through
[    5.499101] sd 2:0:1:0: [sdb] Attached SCSI disk
Begin: Loading essential drivers ... [    7.437684] md: linear personality registered for level -1
[    7.458540] md: multipath personality registered for level -4
[    7.525449] md: raid0 personality registered for level 0
[    7.578385] md: raid1 personality registered for level 1
[    7.697888] raid6: sse2x1   gen()   971 MB/s
[    7.767212] raid6: sse2x1   xor()  1419 MB/s
[    7.837050] raid6: sse2x2   gen()  6112 MB/s
[    7.905062] raid6: sse2x2   xor()  4686 MB/s
[    7.973110] raid6: sse2x4   gen()  6238 MB/s
[    8.041030] raid6: sse2x4   xor()  3536 MB/s
[    8.109079] raid6: avx2x1   gen()  7092 MB/s
[    8.177051] raid6: avx2x2   gen()  8278 MB/s
[    8.245057] raid6: avx2x4   gen()  5187 MB/s
[    8.247274] raid6: using algorithm avx2x2 gen() 8278 MB/s
[    8.250114] raid6: using avx2x2 recovery algorithm
[    8.266332] xor: automatically using best checksumming function:
[    8.309056]    avx       :  5825.000 MB/sec
[    8.316456] async_tx: api initialized (async)
[    8.363437] md: raid6 personality registered for level 6
[    8.368996] md: raid5 personality registered for level 5
[    8.371863] md: raid4 personality registered for level 4
[    8.408366] md: raid10 personality registered for level 10
done.
Begin: Running /scripts/init-premount ... done.
Begin: Mounting root file system ... Begin: Running /scripts/local-top ... done.
Begin: Running /scripts/local-premount ... [    8.500994] Btrfs loaded
Scanning for Btrfs filesystems
done.
Warning: fsck not present, so skipping root file system
[    8.947918] EXT4-fs (sda1): mounted filesystem with ordered data mode. Opts: (null)
done.
Begin: Running /scripts/local-bottom ... done.
Begin: Running /scripts/init-bottom ... done.
[    9.809503] random: nonblocking pool is initialized
[   11.148080] systemd[1]: systemd 229 running in system mode. (+PAM +AUDIT +SELINUX +IMA +APPARMOR +SMACK +SYSVINIT +UTMP +LIBCRYPTSETUP +GCRYPT +GNUTLS +ACL +XZ -LZ4 +SECCOMP +BLKID +ELFUTILS +KMOD -IDN)
[   11.160810] systemd[1]: Detected virtualization oracle.
[   11.163738] systemd[1]: Detected architecture x86-64.

Welcome to [1mUbuntu 16.04.7 LTS[0m!

[   11.231160] systemd[1]: Set hostname to <ubuntu>.
[   11.368944] systemd[1]: Initializing machine ID from random generator.
[   11.375960] systemd[1]: Installed transient /etc/machine-id file.
[   14.486788] systemd[1]: Listening on udev Kernel Socket.
[[0;32m  OK  [0m] Listening on udev Kernel Socket.
[   14.495966] systemd[1]: Listening on /dev/initctl Compatibility Named Pipe.
[[0;32m  OK  [0m] Listening on /dev/initctl Compatibility Named Pipe.
[   14.504843] systemd[1]: Set up automount Arbitrary Executable File Formats File System Automount Point.
[[0;32m  OK  [0m] Set up automount Arbitrary Executab...ats File System Automount Point.
[   14.514482] systemd[1]: Started Forward Password Requests to Wall Directory Watch.
[[0;32m  OK  [0m] Started Forward Password Requests to Wall Directory Watch.
[   14.524457] systemd[1]: Created slice System Slice.
[[0;32m  OK  [0m] Created slice System Slice.
[   14.531181] systemd[1]: Reached target System Time Synchronized.
[[0;32m  OK  [0m] Reached target System Time Synchronized.
[   14.538746] systemd[1]: Reached target Encrypted Volumes.
[[0;32m  OK  [0m] Reached target Encrypted Volumes.
[   14.548078] systemd[1]: Listening on Journal Socket (/dev/log).
[[0;32m  OK  [0m] Listening on Journal Socket (/dev/log).
[   14.556062] systemd[1]: Reached target Swap.
[[0;32m  OK  [0m] Reached target Swap.
[   14.563715] systemd[1]: Created slice User and Session Slice.
[[0;32m  OK  [0m] Created slice User and Session Slice.
[   14.571866] systemd[1]: Listening on LVM2 metadata daemon socket.
[[0;32m  OK  [0m] Listening on LVM2 metadata daemon socket.
[   14.579446] systemd[1]: Listening on Device-mapper event daemon FIFOs.
[[0;32m  OK  [0m] Listening on Device-mapper event daemon FIFOs.
[   14.603474] systemd[1]: Listening on Journal Socket.
[[0;32m  OK  [0m] Listening on Journal Socket.
[   14.649366] systemd[1]: Starting Remount Root and Kernel File Systems...
         Starting Remount Root and Kernel File Systems...
[   14.701166] systemd[1]: Starting Nameserver information manager...
         Starting Nameserver information manager...
[   14.727849] systemd[1]: Starting Create list of required static device nodes for the current kernel...
         Starting Create list of required st... nodes for the current kernel...
[   14.772218] systemd[1]: Starting Monitoring of LVM2 mirrors, snapshots etc. using dmeventd or progress polling...
         Starting Monitoring of LVM2 mirrors... dmeventd or progress polling...
[   14.798265] EXT4-fs (sda1): re-mounted. Opts: (null)
[   14.806009] systemd[1]: Mounting Debug File System...
         Mounting Debug File System...
[   14.945560] systemd[1]: Starting Load Kernel Modules...
         Starting Load Kernel Modules...
[   14.964320] systemd[1]: Starting Set console keymap...
         Starting Set console keymap...
[   14.977415] systemd[1]: Created slice system-serial\x2dgetty.slice.
[[0;32m  OK  [0m] Created slice system-serial\x2dgetty.slice.
[   14.991563] systemd[1]: Listening on Journal Audit Socket.
[[0;32m  OK  [0m] Listening on Journal Audit Socket.
[   15.007099] systemd[1]: Listening on udev Control Socket.
[[0;32m  OK  [0m] Listening on udev Control Socket.
[   15.014977] systemd[1]: Listening on LVM2 poll daemon socket.
[[0;32m  OK  [0m] Listening on LVM2 poll daemon socket.
[   15.037257] systemd[1]: Mounting Huge Pages File System...
         Mounting Huge Pages File System...
[   15.047067] systemd[1]: Reached target Slices.
[[0;32m  OK  [0m] Reached target Slices.
[   15.050920] systemd[1]: Reached target User and Group Name Lookups.
[[0;32m  OK  [0m] Reached target User and Group Name Lookups.
[   15.061412] systemd[1]: Starting Uncomplicated firewall...
         Starting Uncomplicated firewall...
[   15.075645] systemd[1]: Listening on Syslog Socket.
[[0;32m  OK  [0m] Listening on Syslog Socket.
[   15.084738] systemd[1]: Starting Journal Service...
         Starting Journal Service...
[   15.106108] systemd[1]: Started Trigger resolvconf update for networkd DNS.
[[0;32m  OK  [0m] Started Trigger resolvconf update for networkd DNS.
[   15.137196] systemd[1]: Mounting POSIX Message Queue File System...
         Mounting POSIX Message Queue File System...
[   15.158615] systemd[1]: Mounted Debug File System.
[[0;32m  OK  [0m] Mounted Debug File System.
[   15.171935] systemd[1]: Mounted Huge Pages File System.
[[0;32m  OK  [0m] Mounted Huge Pages File System.
[   15.182464] systemd[1]: Mounted POSIX Message Queue File System.
[[0;32m  OK  [0m] Mounted POSIX Message Queue File System.
[   15.192006] systemd[1]: Started Remount Root and Kernel File Systems.
[[0;32m  OK  [0m] Started Remount Root and Kernel File Systems.
[   15.217787] Loading iSCSI transport class v2.0-870.
[   15.231211] systemd[1]: Started Create list of required static device nodes for the current kernel.
[[0;32m  OK  [0m] Started Create list of required sta...ce nodes for the current kernel.
[   15.245338] systemd[1]: Started Uncomplicated firewall.
[[0;32m  OK  [0m] Started Uncomplicated firewall.
[   15.265583] systemd[1]: Starting Create Static Device Nodes in /dev...
         Starting Create Static Device Nodes in /dev...
[   15.349560] systemd[1]: Starting udev Coldplug all Devices...
         Starting udev Coldplug all Devices...
[   15.366603] systemd[1]: Starting Load/Save Random Seed...
         Starting Load/Save Random Seed...
[   15.375413] systemd[1]: Started Set console keymap.
[[0;32m  OK  [0m] Started Set console keymap.
[   15.384635] systemd[1]: Started Nameserver information manager.
[[0;32m  OK  [0m] Started Nameserver information manager.
[   15.397395] systemd[1]: Started LVM2 metadata daemon.
[[0;32m  OK  [0m] Started LVM2 metadata daemon.
[   15.415417] iscsi: registered transport (tcp)
[   15.499856] systemd[1]: Started Load/Save Random Seed.
[[0;32m  OK  [0m] Started Load/Save Random Seed.
[   15.629275] systemd[1]: Started udev Coldplug all Devices.
[[0;32m  OK  [0m] Started udev Coldplug all Devices.
[   15.691635] systemd[1]: Started Journal Service.
[[0;32m  OK  [0m] Started Journal Service.
         Starting Flush Journal to Persistent Storage...
[   15.794005] iscsi: registered transport (iser)
[[0;32m  OK  [0m] Started Load Kernel Modules.
         Starting Apply Kernel Variables...
         Mounting FUSE Control File System...
[[0;32m  OK  [0m] Mounted FUSE Control File System.
[   15.877971] systemd-journald[394]: Received request to flush runtime journal from PID 1
[[0;32m  OK  [0m] Started Flush Journal to Persistent Storage.
[[0;32m  OK  [0m] Started Monitoring of LVM2 mirrors,...ng dmeventd or progress polling.
[[0;32m  OK  [0m] Started Apply Kernel Variables.
[[0;32m  OK  [0m] Started Create Static Device Nodes in /dev.
[[0;32m  OK  [0m] Reached target Local File Systems (Pre).
[[0;32m  OK  [0m] Reached target Local File Systems.
         Starting Tell Plymouth To Write Out Runtime Data...
         Starting Create Volatile Files and Directories...
         Starting Initial cloud-init job (pre-networking)...
         Starting LSB: AppArmor initialization...
         Starting Commit a transient machine-id on disk...
         Starting Set console font and keymap...
         Starting udev Kernel Device Manager...
[[0;32m  OK  [0m] Started Tell Plymouth To Write Out Runtime Data.
[[0;32m  OK  [0m] Started Commit a transient machine-id on disk.
[[0;32m  OK  [0m] Started Create Volatile Files and Directories.
         Starting Update UTMP about System Boot/Shutdown...
[[0;32m  OK  [0m] Started Update UTMP about System Boot/Shutdown.
[[0;32m  OK  [0m] Started udev Kernel Device Manager.
[[0;32m  OK  [0m] Started Dispatch Password Requests to Console Directory Watch.
[[0;32m  OK  [0m] Started Set console font and keymap.
[[0;32m  OK  [0m] Created slice system-getty.slice.
[[0;32m  OK  [0m] Found device /dev/ttyS0.
[[0;32m  OK  [0m] Listening on Load/Save RF Kill Switch Status /dev/rfkill Watch.
[[0;32m  OK  [0m] Started LSB: AppArmor initialization.
         Starting Load AppArmor profiles managed internally by snapd...
[[0;32m  OK  [0m] Started Load AppArmor profiles managed internally by snapd.
[   31.789536] cloud-init[472]: Cloud-init v. 20.4.1-0ubuntu1~16.04.1 running 'init-local' at Sun, 24 Jan 2021 19:42:48 +0000. Up 27.04 seconds.
[[0;32m  OK  [0m] Started Initial cloud-init job (pre-networking).
[[0;32m  OK  [0m] Reached target Network (Pre).
         Starting Raise network interfaces...
[[0;32m  OK  [0m] Started Raise network interfaces.
[[0;32m  OK  [0m] Reached target Network.
         Starting Initial cloud-init job (metadata service crawler)...
[   38.334977] cloud-init[961]: Cloud-init v. 20.4.1-0ubuntu1~16.04.1 running 'init' at Sun, 24 Jan 2021 19:42:56 +0000. Up 34.40 seconds.
[   38.357242] cloud-init[961]: ci-info: ++++++++++++++++++++++++++++++++++++++Net device info+++++++++++++++++++++++++++++++++++++++
[   38.376288] cloud-init[961]: ci-info: +--------+-------+----------------------------+---------------+--------+-------------------+
[   38.383853] cloud-init[961]: ci-info: | Device |   Up  |          Address           |      Mask     | Scope  |     Hw-Address    |
[   38.397269] cloud-init[961]: ci-info: +--------+-------+----------------------------+---------------+--------+-------------------+
[   38.417107] cloud-init[961]: ci-info: | enp0s3 |  True |         10.0.2.15          | 255.255.255.0 | global | 02:95:c5:cf:8a:88 |
[   38.436796] cloud-init[961]: ci-info: | enp0s3 |  True | fe80::95:c5ff:fecf:8a88/64 |       .       |  link  | 02:95:c5:cf:8a:88 |
[   38.461413] cloud-init[961]: ci-info: | enp0s8 | False |             .              |       .       |   .    | 08:00:27:1c:2a:22 |
[   38.473317] cloud-init[961]: ci-info: |   lo   |  True |         127.0.0.1          |   255.0.0.0   |  host  |         .         |
[   38.491263] cloud-init[961]: ci-info: |   lo   |  True |          ::1/128           |       .       |  host  |         .         |
[   38.506985] cloud-init[961]: ci-info: +--------+-------+----------------------------+---------------+--------+-------------------+
[   38.524113] cloud-init[961]: ci-info: +++++++++++++++++++++++++++Route IPv4 info++++++++++++++++++++++++++++
[   38.541757] cloud-init[961]: ci-info: +-------+-------------+----------+---------------+-----------+-------+
[   38.566214] cloud-init[961]: ci-info: | Route | Destination | Gateway  |    Genmask    | Interface | Flags |
[[0;32m  OK  [0m[   38.602629] cloud-init[961]: ci-info: +-------+-------------+----------+---------------+-----------+-------+
[   38.602943] cloud-init[961]: ci-info: |   0   |   0.0.0.0   | 10.0.2.2 |    0.0.0.0    |   enp0s3  |   UG  |
[   38.603265] cloud-init[961]: ci-info: |   1   |   10.0.2.0  | 0.0.0.0  | 255.255.255.0 |   enp0s3  |   U   |
[   38.613699] cloud-init[961]: ci-info: +-------+-------------+----------+---------------+-----------+-------+
[   38.617892] cloud-init[961]: ci-info: +++++++++++++++++++Route IPv6 info+++++++++++++++++++
[   38.619169] cloud-init[961]: ci-info: +-------+-------------+---------+-----------+-------+
[   38.620299] cloud-init[961]: ci-info: | Route | Destination | Gateway | Interface | Flags |
[   38.620608] cloud-init[961]: ci-info: +-------+-------------+---------+-----------+-------+
[   38.623810] cloud-init[961]: ci-info: |   0   |  fe80::/64  |    ::   |   enp0s3  |   U   |
[   38.626443] cloud-init[961]: ci-info: |   4   |   ff00::/8  |    ::   |   enp0s3  |   U   |
] Started Initial cloud-init job (metadata service crawler).
[[0;32m  OK  [0m] Reached target Network is Online.
[   38.629138] cloud-init[961]: ci-info: +-------+-------------+---------+-----------+-------+
[   38.681567] cloud-init[961]: Generating public/private rsa key pair.
[   38.685541] cloud-init[961]: Your identification has been saved in /etc/ssh/ssh_host_rsa_key.
[   38.708034] cloud-init[961]: Your public key has been saved in /etc/ssh/ssh_host_rsa_key.pub.
[   38.708182] cloud-init[961]: The key fingerprint is:
[   38.708323] cloud-init[961]: SHA256:DVvk523i1ZIxh6zHM8UkiyVRYr7AZllS+6GLtnB4dc8 root@ubuntu-xenial
[   38.708397] cloud-init[961]: The key's randomart image is:
[   38.708474] cloud-init[961]: +---[RSA 2048]----+
[   38.708551] cloud-init[961]: |          o.Bo+ .|
[   38.708632] cloud-init[961]: |         + * B * |
[   38.708705] cloud-init[961]: |        . O = B +|
[   38.708773] cloud-init[961]: |         B + B O |
[   38.708846] cloud-init[961]: |        S . B & .|
[   38.708930] cloud-init[961]: |         . + B * |
[   38.709001] cloud-init[961]: |        o = o   E|
[   38.709074] cloud-init[961]: |         = .     |
[   38.709242] cloud-init[961]: |          .      |
[   38.709314] cloud-init[961]: +----[SHA256]-----+
[   38.709383] cloud-init[961]: Generating public/private dsa key pair.
[   38.709451] cloud-init[961]: Your identification has been saved in /etc/ssh/ssh_host_dsa_key.
[   38.709519] cloud-init[961]: Your public key has been saved in /etc/ssh/ssh_host_dsa_key.pub.
[   38.709584] cloud-init[961]: The key fingerprint is:
         Starting iSCSI initiator daemon (iscsid)...
[[0;32m  OK  [0m] Reached target System Initialization.
[[0;32m  OK  [0m] Listening on ACPID Listen Socket.
[[0;32m  OK  [0m] Started Daily apt download activities.
         Starting Socket activation for snappy daemon.
[   38.770037] cloud-init[961]: SHA256:cwyHIVTOZrJ7viFQ57mwVo3frmyh/Afrx4N5pCp8UEQ root@ubuntu-xenial
[   38.819472] cloud-init[961]: The key's randomart image is:
[   38.823705] cloud-init[961]: +---[DSA 1024]----+
[   38.829587] cloud-init[961]: |     .ooE        |
[   38.832885] cloud-init[961]: |       +.o       |
[   38.836486] cloud-init[961]: |      o.O .      |
[   38.842602] cloud-init[961]: |     . B.B       |
[   38.847860] cloud-init[961]: |    . o.S +      |
[[0;32m  OK  [0m] Started ACPI Events Check.
[   38.855635] [[0;32m  OK  [0m] Reached target Paths.
[[0;32m  OK  [0m] Started Daily Cleanup of Temporary Directories.
cloud-init[961]: |     ..= =o..    |
[   38.868679] [[0;32m  OK  [0m] Listening on UUID daemon activation socket.
[[0;32m  OK  [0m] Started Daily apt upgrade and clean activities.
[[0;32m  OK  [0m] Started Message of the Day.
[[0;32m  OK  [0m] Reached target Timers.
cloud-init[961]: |     .=o+..X.    |
         Starting LXD - unix socket.
[[0;32m  OK  [0m] Listening on D-Bus System Message Bus Socket.
[[0;32m  OK  [0m] Reached target Cloud-config availability.
[[0;32m  OK  [0m] Listening on Socket activation for snappy daemon.
[   38.941260] cloud-init[961]: |     .o++o*.*    |
[   38.955623] cloud-init[961]: |       o+*==..   |
[   38.959037] cloud-init[961]: +----[SHA256]-----+
[   38.963129] cloud-init[961]: Generating public/private ecdsa key pair.
[   38.968748] cloud-init[961]: Your identification has been saved in /etc/ssh/ssh_host_ecdsa_key.
[   38.974044] cloud-init[961]: Your public key has been saved in /etc/ssh/ssh_host_ecdsa_key.pub.
[   38.979013] cloud-init[961]: The key fingerprint is:
[   38.981805] cloud-init[961]: SHA256:N2FladU9U2nOuw+2qqnvI3HicjeJ2xGmf2dCXKQQrV8 root@ubuntu-xenial
[   38.988342] cloud-init[961]: The key's randomart image is:
[[0;32m  OK  [0m] Listening on LXD - unix socket.
[[   38.991958] cloud-init[0;32m  OK  [0m] Reached target Sockets.
[[0;32m  OK  [0m] Reached target Basic System.
         Starting /etc/rc.local Compatibility...
[961]: +---[ECDSA 256]---+
[   39.048292] cloud-init[961]: |          .ooo..=|
[   39.059507] cloud-init[961]: |          .o+ .=o|
[   39.071271] cloud-init[961]: |          o+ o+ o|
         Starting Pollinate to seed the pseudo random number generator...
[   39.080507] cloud-init[961]: |         .... Eo |
[   39.093633] cloud-init[961]: |        S =o o  .|[[0;32m  OK  [0m] Started D-Bus System Message Bus.

[   39.113859] cloud-init[961]: |        o+.o+  . |
[   39.129852] cloud-init[961]: |       ..=.o  o .|
[   39.134406] cloud-init[961]: |      . =o=oo.o+ |
[   39.149689] cloud-init[961]: |       ooBB=.=. o|
[   39.157370] cloud-init[961]: +----[SHA256]-----+
[   39.161544] cloud-init[961]: Generating public/private ed25519 key pair.
[   39.173559] cloud-init[961]: Your identification has been saved in /etc/ssh/ssh_host_ed25519_key.
[   39.192219] cloud-init[961]: Your public key has been saved in /etc/ssh/ssh_host_ed25519_key.pub.
[   39.200894] cloud-init[961]: The key fingerprint is:
[   39.208212] cloud-init[961]: SHA256:uR+x3SNTRkSaDKSUHCz1ekFN8X6KBkEptI0/KzD7Gv0 root@ubuntu-xenial
[   39.215784] cloud-init[961]: The key's randomart image is:
[   39.225879] cloud-init[961]: +--[ED25519 256]--+
[   39.234430] cloud-init[961]: |       ==+=+ooo  |
[   39.238278] cloud-init[961]: |      ..=O.o.=   |
[   39.243505] cloud-init[961]: |       .+.= + o  |
[   39.248837] cloud-init[961]: |         + o o   |
[   39.254670] cloud-init[961]: |      o S *   + .|
[   39.258927] cloud-init[961]: |       = o B = o |
[   39.264989] cloud-init[961]: |      o + + * +  |
[   39.270500] cloud-init[961]: |       o + o o . |
[   39.289448] cloud-init[961]: |      ... E      |
[   39.295585] cloud-init[961]: +----[SHA256]-----+
         Starting LSB: MD monitoring daemon...
         Starting LSB: Record successful boot for GRUB...
[[0;32m  OK  [0m] Started ACPI event daemon.
         Starting Virtualbox guest utils...
         Starting LXD - container startup/shutdown...
         Starting Snap Daemon...
         Starting Accounts Service...
[[0;32m  OK  [0m] Started Deferred execution scheduler.
[[0;32m  OK  [0m] Started FUSE filesystem for LXC.
         Starting System Logging Service...
         Starting Login Service...
[[0;32m  OK  [0m] Started Regular background program processing daemon.
[[0;32m  OK  [0m] Started iSCSI initiator daemon (iscsid).
[[0;32m  OK  [0m] Started /etc/rc.local Compatibility.
         Starting Login to default iSCSI targets...
[[0;32m  OK  [0m] Started Login Service.
[[0;32m  OK  [0m] Started Unattended Upgrades Shutdown.
[[0;32m  OK  [0m] Started LSB: Record successful boot for GRUB.
[[0;32m  OK  [0m] Started LSB: MD monitoring daemon.
[[0;32m  OK  [0m] Started Login to default iSCSI targets.
[[0;32m  OK  [0m] Reached target Remote File Systems (Pre).
[[0;32m  OK  [0m] Reached target Remote File Systems.
         Starting LSB: daemon to balance interrupts for SMP systems...
         Starting LSB: Set the CPU Frequency Scaling governor to "ondemand"...
         Starting LSB: automatic crash report generation...
         Starting Permit User Sessions...
[[0;32m  OK  [0m] Started System Logging Service.
[[0;32m  OK  [0m] Started Permit User Sessions.
         Starting Hold until boot process finishes up...
         Starting Terminate Plymouth Boot Screen...
[[0;32m  OK  [0m] Started Hold until boot process finishes up.
[[0;32m  OK  [0m] Started Terminate Plymouth Boot Screen.
         Starting Set console scheme...
[[0;32m  OK  [0m] Started Getty on tty1.
[[0;32m  OK  [0m] Started Serial Getty on ttyS0.
[[0;32m  OK  [0m] Reached target Login Prompts.
[[0;32m  OK  [0m] Started LSB: daemon to balance interrupts for SMP systems.
[[0;32m  OK  [0m] Started LSB: Set the CPU Frequency Scaling governor to "ondemand".
[[0;32m  OK  [0m] Started Set console scheme.
[[0;32m  OK  [0m] Started LSB: automatic crash report generation.
[[0;32m  OK  [0m] Started Virtualbox guest utils.
         Starting Authenticate and Authorize Users to Run Privileged Tasks...
[[0;32m  OK  [0m] Started Authenticate and Authorize Users to Run Privileged Tasks.
[[0;32m  OK  [0m] Started Accounts Service.
[[0;32m  OK  [0m] Started Pollinate to seed the pseudo random number generator.
         Starting OpenBSD Secure Shell server...
[[0;32m  OK  [0m] Started OpenBSD Secure Shell server.
[[0;32m  OK  [0m] Started LXD - container startup/shutdown.
[[0;32m  OK  [0m] Created slice User Slice of vagrant.
         Starting User Manager for UID 1000...
[[0;32m  OK  [0m] Started Snap Daemon.
[[0;32m  OK  [0m] Started Session 1 of user vagrant.
         Starting Wait until snapd is fully seeded...
[[0;32m  OK  [0m] Started User Manager for UID 1000.

Ubuntu 16.04.7 LTS ubuntu-xenial ttyS0

ubuntu-xenial login: [   55.932193] cloud-init[1488]: Generating locales (this might take a while)...
[   57.969620] cloud-init[1488]:   en_US.UTF-8... done
[   57.982992] cloud-init[1488]: Generation complete.
[   60.059840] cloud-init[1488]: Cloud-init v. 20.4.1-0ubuntu1~16.04.1 running 'modules:config' at Sun, 24 Jan 2021 19:43:16 +0000. Up 54.94 seconds.
ci-info: no authorized SSH keys fingerprints found for user ubuntu.
<14>Jan 24 19:43:23 ec2: 
<14>Jan 24 19:43:23 ec2: #############################################################
<14>Jan 24 19:43:23 ec2: -----BEGIN SSH HOST KEY FINGERPRINTS-----
<14>Jan 24 19:43:23 ec2: 1024 SHA256:cwyHIVTOZrJ7viFQ57mwVo3frmyh/Afrx4N5pCp8UEQ root@ubuntu-xenial (DSA)
<14>Jan 24 19:43:23 ec2: 256 SHA256:N2FladU9U2nOuw+2qqnvI3HicjeJ2xGmf2dCXKQQrV8 root@ubuntu-xenial (ECDSA)
<14>Jan 24 19:43:23 ec2: 256 SHA256:uR+x3SNTRkSaDKSUHCz1ekFN8X6KBkEptI0/KzD7Gv0 root@ubuntu-xenial (ED25519)
<14>Jan 24 19:43:23 ec2: 2048 SHA256:DVvk523i1ZIxh6zHM8UkiyVRYr7AZllS+6GLtnB4dc8 root@ubuntu-xenial (RSA)
<14>Jan 24 19:43:23 ec2: -----END SSH HOST KEY FINGERPRINTS-----
<14>Jan 24 19:43:23 ec2: #############################################################
-----BEGIN SSH HOST KEY KEYS-----
ecdsa-sha2-nistp256 AAAAE2VjZHNhLXNoYTItbmlzdHAyNTYAAAAIbmlzdHAyNTYAAABBBMV13dFcOt1FgWHhS6J8BVFKaR6mUCtwdMmX8vShDsQZrWqBLG0XeC6Q+01NvGy60rKphIQMiryYInNiW77xokU= root@ubuntu-xenial
ssh-ed25519 AAAAC3NzaC1lZDI1NTE5AAAAIIFNxf/Jm6yhDFFNOwdq2GVMPTPkKkRWZbLzE3WPXdBh root@ubuntu-xenial
ssh-rsa AAAAB3NzaC1yc2EAAAADAQABAAABAQDYcl83R8wAtXic0K3l+aPCyKgJ5cC3fM8kssxC7DW3d/N7M6wH0L6wOtUupB0ES27bE707fQxGhC/UddmuwBDHCuXzGf5gTQ5S8vZYG/Qdh+JQLvwrbwfLjNpAi9LN7iqsuWf66gLO5GrsOLY7f3VpS+HSqTZlWlU5hF98LV1V37PNA5cLEjWxliNv5i23EEQAIp7AmKO+TdNvQhsbp0rl8vxBTfXoYZ0sa/55L/tgef6aEaAvUw8Z2z9+5vR6VDQwzkL9j4g87CzM/4WT7SZfcxasabhJ30bsGHXC0okWV9S5Hz1zRkVS8P93bOt+KUJnKXn/Ut0F/XKOYm/fz6h9 root@ubuntu-xenial
-----END SSH HOST KEY KEYS-----
[   61.283379] cloud-init[1727]: Cloud-init v. 20.4.1-0ubuntu1~16.04.1 running 'modules:final' at Sun, 24 Jan 2021 19:43:22 +0000. Up 60.77 seconds.
[   61.283901] cloud-init[1727]: ci-info: no authorized SSH keys fingerprints found for user ubuntu.
[   61.300146] cloud-init[1727]: Cloud-init v. 20.4.1-0ubuntu1~16.04.1 finished at Sun, 24 Jan 2021 19:43:23 +0000. Datasource DataSourceNoCloud [seed=/dev/sdb][dsmode=net].  Up 61.25 seconds
